2025-04-04 06:17:19.252330 - Received CBT.V508.FILE222.PDS from FILE222.XMI 
2025-04-04 06:17:19.254841 - Found $$$$$DOC.txt (text/plain) in CBT.V508.FILE222.PDS, moved to PDS/$$$$$DOC
2025-04-04 06:17:19.255001 - Found $$$#DATE.txt (text/plain) in CBT.V508.FILE222.PDS, moved to PDS/$$$#DATE
2025-04-04 06:17:19.255137 - Found $$UID8.txt (text/plain) in CBT.V508.FILE222.PDS, moved to PDS/$$UID8
2025-04-04 06:17:19.255296 - Found $AUTHTB1.txt (text/plain) in CBT.V508.FILE222.PDS, moved to PDS/$AUTHTB1
2025-04-04 06:17:19.255420 - Found $AUTHTB2.txt (text/plain) in CBT.V508.FILE222.PDS, moved to PDS/$AUTHTB2
2025-04-04 06:17:19.255549 - Found ACCTM.txt (text/plain) in CBT.V508.FILE222.PDS, moved to PDS/ACCTM
2025-04-04 06:17:19.255689 - Found ACCTM$.jcl (text/plain) in CBT.V508.FILE222.PDS, moved to PDS/ACCTM$
2025-04-04 06:17:19.255825 - Found ALLIDS.txt (text/plain) in CBT.V508.FILE222.PDS, moved to PDS/ALLIDS
2025-04-04 06:17:19.255960 - Found ALLIDS$.jcl (text/plain) in CBT.V508.FILE222.PDS, moved to PDS/ALLIDS$
2025-04-04 06:17:19.256103 - Found ASMTABLS.jcl (text/plain) in CBT.V508.FILE222.PDS, moved to PDS/ASMTABLS
2025-04-04 06:17:19.256253 - Found ASUB.txt (text/plain) in CBT.V508.FILE222.PDS, moved to PDS/ASUB
2025-04-04 06:17:19.256386 - Found ASUB$.jcl (text/plain) in CBT.V508.FILE222.PDS, moved to PDS/ASUB$
2025-04-04 06:17:19.256576 - Found ASUBHELP.txt (text/plain) in CBT.V508.FILE222.PDS, moved to PDS/ASUBHELP
2025-04-04 06:17:19.256732 - Found AUCMD.txt (text/plain) in CBT.V508.FILE222.PDS, moved to PDS/AUCMD
2025-04-04 06:17:19.256878 - Found AUCMD$.jcl (text/plain) in CBT.V508.FILE222.PDS, moved to PDS/AUCMD$
2025-04-04 06:17:19.257014 - Found AUTHLOAD.xmi (application/xmit) in CBT.V508.FILE222.PDS, moved to PDS/AUTHLOAD.xmi
2025-04-04 06:17:19.268732 - Received IBMUSER.LOAD from AUTHLOAD.xmi 
2025-04-04 06:17:19.269207 - Found ADIS.bin (application/octet-stream) in IBMUSER.LOAD, moved to AUTHLOAD/ADIS
2025-04-04 06:17:19.269338 - Found ASUB.bin (application/octet-stream) in IBMUSER.LOAD, moved to AUTHLOAD/ASUB
2025-04-04 06:17:19.269392 - Found alias IKJEFTAP to IKJTABLS in IBMUSER.LOAD, moved to PDS/IKJEFTAP
2025-04-04 06:17:19.269439 - Found alias IKJEFTE2 to IKJTABLS in IBMUSER.LOAD, moved to PDS/IKJEFTE2
2025-04-04 06:17:19.269483 - Found alias IKJEFTE8 to IKJTABLS in IBMUSER.LOAD, moved to PDS/IKJEFTE8
2025-04-04 06:17:19.269526 - Found alias IKJEFTNS to IKJTABLS in IBMUSER.LOAD, moved to PDS/IKJEFTNS
2025-04-04 06:17:19.269655 - Found IKJTABLS.bin (application/octet-stream) in IBMUSER.LOAD, moved to AUTHLOAD/IKJTABLS
2025-04-04 06:17:19.269775 - Found LSLT.bin (application/octet-stream) in IBMUSER.LOAD, moved to AUTHLOAD/LSLT
2025-04-04 06:17:19.269896 - Found TSUB.bin (application/octet-stream) in IBMUSER.LOAD, moved to AUTHLOAD/TSUB
2025-04-04 06:17:19.270380 - Found BACKDOOR.txt (text/plain) in CBT.V508.FILE222.PDS, moved to PDS/BACKDOOR
2025-04-04 06:17:19.270532 - Found CALANYD.jcl (text/plain) in CBT.V508.FILE222.PDS, moved to PDS/CALANYD
2025-04-04 06:17:19.270700 - Found CALFILE1.jcl (text/plain) in CBT.V508.FILE222.PDS, moved to PDS/CALFILE1
2025-04-04 06:17:19.270832 - Found CMD.txt (text/plain) in CBT.V508.FILE222.PDS, moved to PDS/CMD
2025-04-04 06:17:19.270950 - Found CMD$.jcl (text/plain) in CBT.V508.FILE222.PDS, moved to PDS/CMD$
2025-04-04 06:17:19.271075 - Found CMD00.txt (text/plain) in CBT.V508.FILE222.PDS, moved to PDS/CMD00
2025-04-04 06:17:19.271247 - Found CNCLPGA.txt (text/plain) in CBT.V508.FILE222.PDS, moved to PDS/CNCLPGA
2025-04-04 06:17:19.271363 - Found CNCLPGA$.jcl (text/plain) in CBT.V508.FILE222.PDS, moved to PDS/CNCLPGA$
2025-04-04 06:17:19.271501 - Found CNCLPGA0.txt (text/plain) in CBT.V508.FILE222.PDS, moved to PDS/CNCLPGA0
2025-04-04 06:17:19.271652 - Found CNCLPGA1.txt (text/plain) in CBT.V508.FILE222.PDS, moved to PDS/CNCLPGA1
2025-04-04 06:17:19.271768 - Found CPFX.txt (text/plain) in CBT.V508.FILE222.PDS, moved to PDS/CPFX
2025-04-04 06:17:19.271887 - Found CPFX$.jcl (text/plain) in CBT.V508.FILE222.PDS, moved to PDS/CPFX$
2025-04-04 06:17:19.272056 - Found CSCBID.txt (text/plain) in CBT.V508.FILE222.PDS, moved to PDS/CSCBID
2025-04-04 06:17:19.272185 - Found CSCBID$.jcl (text/plain) in CBT.V508.FILE222.PDS, moved to PDS/CSCBID$
2025-04-04 06:17:19.272300 - Found CVTZ24.txt (text/plain) in CBT.V508.FILE222.PDS, moved to PDS/CVTZ24
2025-04-04 06:17:19.272417 - Found DACEE.txt (text/plain) in CBT.V508.FILE222.PDS, moved to PDS/DACEE
2025-04-04 06:17:19.272532 - Found DACEE$.jcl (text/plain) in CBT.V508.FILE222.PDS, moved to PDS/DACEE$
2025-04-04 06:17:19.272658 - Found DACEE0.txt (text/plain) in CBT.V508.FILE222.PDS, moved to PDS/DACEE0
2025-04-04 06:17:19.272774 - Found DACEE1.txt (text/plain) in CBT.V508.FILE222.PDS, moved to PDS/DACEE1
2025-04-04 06:17:19.272897 - Found FACEE.txt (text/plain) in CBT.V508.FILE222.PDS, moved to PDS/FACEE
2025-04-04 06:17:19.273019 - Found FACEE0.txt (text/plain) in CBT.V508.FILE222.PDS, moved to PDS/FACEE0
2025-04-04 06:17:19.273135 - Found FACEE1.txt (text/plain) in CBT.V508.FILE222.PDS, moved to PDS/FACEE1
2025-04-04 06:17:19.273264 - Found IBMUSER0.bin (application/octet-stream) in CBT.V508.FILE222.PDS, moved to PDS/IBMUSER0
2025-04-04 06:17:19.273421 - Found IEBTSUB.txt (text/plain) in CBT.V508.FILE222.PDS, moved to PDS/IEBTSUB
2025-04-04 06:17:19.273529 - Found IGC0024B.txt (text/plain) in CBT.V508.FILE222.PDS, moved to PDS/IGC0024B
2025-04-04 06:17:19.273767 - Found LOADLIB.xmi (application/xmit) in CBT.V508.FILE222.PDS, moved to PDS/LOADLIB.xmi
2025-04-04 06:17:19.449384 - Received IBMUSER.LOAD from LOADLIB.xmi 
2025-04-04 06:17:19.451780 - Found $$$VER.bin (application/octet-stream) in IBMUSER.LOAD, moved to LOADLIB/$$$VER
2025-04-04 06:17:19.451843 - Found alias # to AUCMD in IBMUSER.LOAD, moved to PDS/#
2025-04-04 06:17:19.451974 - Found ADIS.bin (application/octet-stream) in IBMUSER.LOAD, moved to LOADLIB/ADIS
2025-04-04 06:17:19.452099 - Found ALLIDS.bin (application/octet-stream) in IBMUSER.LOAD, moved to LOADLIB/ALLIDS
2025-04-04 06:17:19.452219 - Found ALPL.bin (application/octet-stream) in IBMUSER.LOAD, moved to LOADLIB/ALPL
2025-04-04 06:17:19.452338 - Found ASUB.bin (application/octet-stream) in IBMUSER.LOAD, moved to LOADLIB/ASUB
2025-04-04 06:17:19.452450 - Found AUCMD.bin (application/octet-stream) in IBMUSER.LOAD, moved to LOADLIB/AUCMD
2025-04-04 06:17:19.452570 - Found AUPGM.bin (application/octet-stream) in IBMUSER.LOAD, moved to LOADLIB/AUPGM
2025-04-04 06:17:19.452686 - Found BUFRSIZE.bin (application/octet-stream) in IBMUSER.LOAD, moved to LOADLIB/BUFRSIZE
2025-04-04 06:17:19.452799 - Found BYE.bin (application/octet-stream) in IBMUSER.LOAD, moved to LOADLIB/BYE
2025-04-04 06:17:19.452914 - Found CHNLEN.bin (application/octet-stream) in IBMUSER.LOAD, moved to LOADLIB/CHNLEN
2025-04-04 06:17:19.453028 - Found CINMX.bin (application/octet-stream) in IBMUSER.LOAD, moved to LOADLIB/CINMX
2025-04-04 06:17:19.453159 - Found CNCLPG.bin (application/octet-stream) in IBMUSER.LOAD, moved to LOADLIB/CNCLPG
2025-04-04 06:17:19.453282 - Found CNCLPGA.bin (application/octet-stream) in IBMUSER.LOAD, moved to LOADLIB/CNCLPGA
2025-04-04 06:17:19.453399 - Found CNCLPG10.bin (application/octet-stream) in IBMUSER.LOAD, moved to LOADLIB/CNCLPG10
2025-04-04 06:17:19.453512 - Found CNCLPG11.bin (application/octet-stream) in IBMUSER.LOAD, moved to LOADLIB/CNCLPG11
2025-04-04 06:17:19.453624 - Found CNCLPG20.bin (application/octet-stream) in IBMUSER.LOAD, moved to LOADLIB/CNCLPG20
2025-04-04 06:17:19.453735 - Found CSCF.bin (application/octet-stream) in IBMUSER.LOAD, moved to LOADLIB/CSCF
2025-04-04 06:17:19.453852 - Found DACEE.bin (application/octet-stream) in IBMUSER.LOAD, moved to LOADLIB/DACEE
2025-04-04 06:17:19.453962 - Found DAPF.bin (application/octet-stream) in IBMUSER.LOAD, moved to LOADLIB/DAPF
2025-04-04 06:17:19.454086 - Found DLINK.bin (application/octet-stream) in IBMUSER.LOAD, moved to LOADLIB/DLINK
2025-04-04 06:17:19.454153 - Found alias DSAUT to RACROUT in IBMUSER.LOAD, moved to PDS/DSAUT
2025-04-04 06:17:19.454285 - Found DTEST.bin (application/octet-stream) in IBMUSER.LOAD, moved to LOADLIB/DTEST
2025-04-04 06:17:19.454410 - Found DUMPACEE.bin (application/octet-stream) in IBMUSER.LOAD, moved to LOADLIB/DUMPACEE
2025-04-04 06:17:19.454531 - Found DUMPASCB.bin (application/octet-stream) in IBMUSER.LOAD, moved to LOADLIB/DUMPASCB
2025-04-04 06:17:19.454663 - Found DUMPASSB.bin (application/octet-stream) in IBMUSER.LOAD, moved to LOADLIB/DUMPASSB
2025-04-04 06:17:19.454779 - Found DUMPASVT.bin (application/octet-stream) in IBMUSER.LOAD, moved to LOADLIB/DUMPASVT
2025-04-04 06:17:19.454923 - Found DUMPCSCB.bin (application/octet-stream) in IBMUSER.LOAD, moved to LOADLIB/DUMPCSCB
2025-04-04 06:17:19.455042 - Found DUMPINMX.bin (application/octet-stream) in IBMUSER.LOAD, moved to LOADLIB/DUMPINMX
2025-04-04 06:17:19.455151 - Found DUMPIOVT.bin (application/octet-stream) in IBMUSER.LOAD, moved to LOADLIB/DUMPIOVT
2025-04-04 06:17:19.455264 - Found DUMPJCT.bin (application/octet-stream) in IBMUSER.LOAD, moved to LOADLIB/DUMPJCT
2025-04-04 06:17:19.455386 - Found DUMPLCT.bin (application/octet-stream) in IBMUSER.LOAD, moved to LOADLIB/DUMPLCT
2025-04-04 06:17:19.455495 - Found DUMPLWA.bin (application/octet-stream) in IBMUSER.LOAD, moved to LOADLIB/DUMPLWA
2025-04-04 06:17:19.455815 - Found DUMPPPT.bin (application/octet-stream) in IBMUSER.LOAD, moved to LOADLIB/DUMPPPT
2025-04-04 06:17:19.455955 - Found DUMPPSCB.bin (application/octet-stream) in IBMUSER.LOAD, moved to LOADLIB/DUMPPSCB
2025-04-04 06:17:19.456087 - Found DUMPSCT.bin (application/octet-stream) in IBMUSER.LOAD, moved to LOADLIB/DUMPSCT
2025-04-04 06:17:19.456219 - Found DUMPTCT.bin (application/octet-stream) in IBMUSER.LOAD, moved to LOADLIB/DUMPTCT
2025-04-04 06:17:19.456347 - Found DUMPTIOT.bin (application/octet-stream) in IBMUSER.LOAD, moved to LOADLIB/DUMPTIOT
2025-04-04 06:17:19.456487 - Found DUMPTSB.bin (application/octet-stream) in IBMUSER.LOAD, moved to LOADLIB/DUMPTSB
2025-04-04 06:17:19.456615 - Found DUMPTSVT.bin (application/octet-stream) in IBMUSER.LOAD, moved to LOADLIB/DUMPTSVT
2025-04-04 06:17:19.456750 - Found DUSER.bin (application/octet-stream) in IBMUSER.LOAD, moved to LOADLIB/DUSER
2025-04-04 06:17:19.456888 - Found DVAT.bin (application/octet-stream) in IBMUSER.LOAD, moved to LOADLIB/DVAT
2025-04-04 06:17:19.457020 - Found EESCB.bin (application/octet-stream) in IBMUSER.LOAD, moved to LOADLIB/EESCB
2025-04-04 06:17:19.457154 - Found ENGTRANS.bin (application/octet-stream) in IBMUSER.LOAD, moved to LOADLIB/ENGTRANS
2025-04-04 06:17:19.457215 - Found alias FINDCMD to LOCATE in IBMUSER.LOAD, moved to PDS/FINDCMD
2025-04-04 06:17:19.457270 - Found alias FINDPRG to LOCATE in IBMUSER.LOAD, moved to PDS/FINDPRG
2025-04-04 06:17:19.457403 - Found FPASS.bin (application/octet-stream) in IBMUSER.LOAD, moved to LOADLIB/FPASS
2025-04-04 06:17:19.457540 - Found HIBFREXT.bin (application/octet-stream) in IBMUSER.LOAD, moved to LOADLIB/HIBFREXT
2025-04-04 06:17:19.457680 - Found IEBTSUB.bin (application/octet-stream) in IBMUSER.LOAD, moved to LOADLIB/IEBTSUB
2025-04-04 06:17:19.457732 - Found alias IKJEFTAP to IKJTABLS in IBMUSER.LOAD, moved to PDS/IKJEFTAP
2025-04-04 06:17:19.457779 - Found alias IKJEFTE2 to IKJTABLS in IBMUSER.LOAD, moved to PDS/IKJEFTE2
2025-04-04 06:17:19.457830 - Found alias IKJEFTE8 to IKJTABLS in IBMUSER.LOAD, moved to PDS/IKJEFTE8
2025-04-04 06:17:19.457882 - Found alias IKJEFTNS to IKJTABLS in IBMUSER.LOAD, moved to PDS/IKJEFTNS
2025-04-04 06:17:19.458016 - Found IKJTABLS.bin (application/octet-stream) in IBMUSER.LOAD, moved to LOADLIB/IKJTABLS
2025-04-04 06:17:19.458170 - Found IKJTSUB.bin (application/octet-stream) in IBMUSER.LOAD, moved to LOADLIB/IKJTSUB
2025-04-04 06:17:19.458304 - Found INMXD.bin (application/octet-stream) in IBMUSER.LOAD, moved to LOADLIB/INMXD
2025-04-04 06:17:19.458355 - Found alias KKJEFTAP to KKJTABLS in IBMUSER.LOAD, moved to PDS/KKJEFTAP
2025-04-04 06:17:19.458404 - Found alias KKJEFTE2 to KKJTABLS in IBMUSER.LOAD, moved to PDS/KKJEFTE2
2025-04-04 06:17:19.458448 - Found alias KKJEFTE8 to KKJTABLS in IBMUSER.LOAD, moved to PDS/KKJEFTE8
2025-04-04 06:17:19.458492 - Found alias KKJEFTNS to KKJTABLS in IBMUSER.LOAD, moved to PDS/KKJEFTNS
2025-04-04 06:17:19.458608 - Found KKJTABLS.bin (application/octet-stream) in IBMUSER.LOAD, moved to LOADLIB/KKJTABLS
2025-04-04 06:17:19.458731 - Found KMBAPFLB.bin (application/octet-stream) in IBMUSER.LOAD, moved to LOADLIB/KMBAPFLB
2025-04-04 06:17:19.458842 - Found LISTMOD.bin (application/octet-stream) in IBMUSER.LOAD, moved to LOADLIB/LISTMOD
2025-04-04 06:17:19.458957 - Found LLWA.bin (application/octet-stream) in IBMUSER.LOAD, moved to LOADLIB/LLWA
2025-04-04 06:17:19.459074 - Found LOADTEST.bin (application/octet-stream) in IBMUSER.LOAD, moved to LOADLIB/LOADTEST
2025-04-04 06:17:19.459125 - Found alias LOADTN to LOADTEST in IBMUSER.LOAD, moved to PDS/LOADTN
2025-04-04 06:17:19.459240 - Found LOBFREXT.bin (application/octet-stream) in IBMUSER.LOAD, moved to LOADLIB/LOBFREXT
2025-04-04 06:17:19.459363 - Found LOCATE.bin (application/octet-stream) in IBMUSER.LOAD, moved to LOADLIB/LOCATE
2025-04-04 06:17:19.459475 - Found LOGOPTS.bin (application/octet-stream) in IBMUSER.LOAD, moved to LOADLIB/LOGOPTS
2025-04-04 06:17:19.459587 - Found LOKSES.bin (application/octet-stream) in IBMUSER.LOAD, moved to LOADLIB/LOKSES
2025-04-04 06:17:19.459725 - Found LOOK.bin (application/octet-stream) in IBMUSER.LOAD, moved to LOADLIB/LOOK
2025-04-04 06:17:19.459835 - Found LPALST.bin (application/octet-stream) in IBMUSER.LOAD, moved to LOADLIB/LPALST
2025-04-04 06:17:19.459948 - Found LSLT.bin (application/octet-stream) in IBMUSER.LOAD, moved to LOADLIB/LSLT
2025-04-04 06:17:19.460061 - Found LWATEDIT.bin (application/octet-stream) in IBMUSER.LOAD, moved to LOADLIB/LWATEDIT
2025-04-04 06:17:19.460172 - Found LWATMGR.bin (application/octet-stream) in IBMUSER.LOAD, moved to LOADLIB/LWATMGR
2025-04-04 06:17:19.460298 - Found MEMZAP.bin (application/octet-stream) in IBMUSER.LOAD, moved to LOADLIB/MEMZAP
2025-04-04 06:17:19.460417 - Found NOLOGOF.bin (application/octet-stream) in IBMUSER.LOAD, moved to LOADLIB/NOLOGOF
2025-04-04 06:17:19.460533 - Found ONLCLEAR.bin (application/octet-stream) in IBMUSER.LOAD, moved to LOADLIB/ONLCLEAR
2025-04-04 06:17:19.460649 - Found ONLCLIP.bin (application/octet-stream) in IBMUSER.LOAD, moved to LOADLIB/ONLCLIP
2025-04-04 06:17:19.460762 - Found PDSLOAD.bin (application/octet-stream) in IBMUSER.LOAD, moved to LOADLIB/PDSLOAD
2025-04-04 06:17:19.460815 - Found alias PDSLOADW to PDSLOAD in IBMUSER.LOAD, moved to PDS/PDSLOADW
2025-04-04 06:17:19.460919 - Found PRFBIGA.bin (application/octet-stream) in IBMUSER.LOAD, moved to LOADLIB/PRFBIGA
2025-04-04 06:17:19.461025 - Found PRFSMLA.bin (application/octet-stream) in IBMUSER.LOAD, moved to LOADLIB/PRFSMLA
2025-04-04 06:17:19.461136 - Found RACROUT.bin (application/octet-stream) in IBMUSER.LOAD, moved to LOADLIB/RACROUT
2025-04-04 06:17:19.461248 - Found RDHAPSVC.bin (application/octet-stream) in IBMUSER.LOAD, moved to LOADLIB/RDHAPSVC
2025-04-04 06:17:19.461361 - Found RDHINSTL.bin (application/octet-stream) in IBMUSER.LOAD, moved to LOADLIB/RDHINSTL
2025-04-04 06:17:19.461491 - Found RECONLIM.bin (application/octet-stream) in IBMUSER.LOAD, moved to LOADLIB/RECONLIM
2025-04-04 06:17:19.461617 - Found RELOGON.bin (application/octet-stream) in IBMUSER.LOAD, moved to LOADLIB/RELOGON
2025-04-04 06:17:19.461732 - Found RLOAD.bin (application/octet-stream) in IBMUSER.LOAD, moved to LOADLIB/RLOAD
2025-04-04 06:17:19.461860 - Found RLOADA.bin (application/octet-stream) in IBMUSER.LOAD, moved to LOADLIB/RLOADA
2025-04-04 06:17:19.461980 - Found SCRSIZE.bin (application/octet-stream) in IBMUSER.LOAD, moved to LOADLIB/SCRSIZE
2025-04-04 06:17:19.462105 - Found SETPW2.bin (application/octet-stream) in IBMUSER.LOAD, moved to LOADLIB/SETPW2
2025-04-04 06:17:19.462219 - Found SHOWRLGB.bin (application/octet-stream) in IBMUSER.LOAD, moved to LOADLIB/SHOWRLGB
2025-04-04 06:17:19.462358 - Found SHOWSS.bin (application/octet-stream) in IBMUSER.LOAD, moved to LOADLIB/SHOWSS
2025-04-04 06:17:19.462507 - Found SHOWTCAS.bin (application/octet-stream) in IBMUSER.LOAD, moved to LOADLIB/SHOWTCAS
2025-04-04 06:17:19.462638 - Found SHOWTPVT.bin (application/octet-stream) in IBMUSER.LOAD, moved to LOADLIB/SHOWTPVT
2025-04-04 06:17:19.462769 - Found SHOWTSB.bin (application/octet-stream) in IBMUSER.LOAD, moved to LOADLIB/SHOWTSB
2025-04-04 06:17:19.462908 - Found STEPLIB.bin (application/octet-stream) in IBMUSER.LOAD, moved to LOADLIB/STEPLIB
2025-04-04 06:17:19.463044 - Found TERMSIZE.bin (application/octet-stream) in IBMUSER.LOAD, moved to LOADLIB/TERMSIZE
2025-04-04 06:17:19.463176 - Found TOKGRUP.bin (application/octet-stream) in IBMUSER.LOAD, moved to LOADLIB/TOKGRUP
2025-04-04 06:17:19.463312 - Found TOKUSER.bin (application/octet-stream) in IBMUSER.LOAD, moved to LOADLIB/TOKUSER
2025-04-04 06:17:19.463451 - Found TRMSZRPT.bin (application/octet-stream) in IBMUSER.LOAD, moved to LOADLIB/TRMSZRPT
2025-04-04 06:17:19.463586 - Found TSOFIND.bin (application/octet-stream) in IBMUSER.LOAD, moved to LOADLIB/TSOFIND
2025-04-04 06:17:19.463745 - Found TSUB.bin (application/octet-stream) in IBMUSER.LOAD, moved to LOADLIB/TSUB
2025-04-04 06:17:19.463897 - Found TSUINFO.bin (application/octet-stream) in IBMUSER.LOAD, moved to LOADLIB/TSUINFO
2025-04-04 06:17:19.464039 - Found TSVTTMO.bin (application/octet-stream) in IBMUSER.LOAD, moved to LOADLIB/TSVTTMO
2025-04-04 06:17:19.464178 - Found TSVT8.bin (application/octet-stream) in IBMUSER.LOAD, moved to LOADLIB/TSVT8
2025-04-04 06:17:19.464319 - Found UACEE.bin (application/octet-stream) in IBMUSER.LOAD, moved to LOADLIB/UACEE
2025-04-04 06:17:19.464454 - Found UADLIST.bin (application/octet-stream) in IBMUSER.LOAD, moved to LOADLIB/UADLIST
2025-04-04 06:17:19.464574 - Found UCB.bin (application/octet-stream) in IBMUSER.LOAD, moved to LOADLIB/UCB
2025-04-04 06:17:19.464696 - Found UCBDASD.bin (application/octet-stream) in IBMUSER.LOAD, moved to LOADLIB/UCBDASD
2025-04-04 06:17:19.464816 - Found UCBPRIV.bin (application/octet-stream) in IBMUSER.LOAD, moved to LOADLIB/UCBPRIV
2025-04-04 06:17:19.464932 - Found UCBPUBL.bin (application/octet-stream) in IBMUSER.LOAD, moved to LOADLIB/UCBPUBL
2025-04-04 06:17:19.465044 - Found UCBSTOR.bin (application/octet-stream) in IBMUSER.LOAD, moved to LOADLIB/UCBSTOR
2025-04-04 06:17:19.465156 - Found UCBTAPE.bin (application/octet-stream) in IBMUSER.LOAD, moved to LOADLIB/UCBTAPE
2025-04-04 06:17:19.465267 - Found UCBTYPE.bin (application/octet-stream) in IBMUSER.LOAD, moved to LOADLIB/UCBTYPE
2025-04-04 06:17:19.465380 - Found UGRP.bin (application/octet-stream) in IBMUSER.LOAD, moved to LOADLIB/UGRP
2025-04-04 06:17:19.465487 - Found UKEYCSA.bin (application/octet-stream) in IBMUSER.LOAD, moved to LOADLIB/UKEYCSA
2025-04-04 06:17:19.465594 - Found ULWA.bin (application/octet-stream) in IBMUSER.LOAD, moved to LOADLIB/ULWA
2025-04-04 06:17:19.465718 - Found UNAME.bin (application/octet-stream) in IBMUSER.LOAD, moved to LOADLIB/UNAME
2025-04-04 06:17:19.465830 - Found UPRC.bin (application/octet-stream) in IBMUSER.LOAD, moved to LOADLIB/UPRC
2025-04-04 06:17:19.465938 - Found USAT.bin (application/octet-stream) in IBMUSER.LOAD, moved to LOADLIB/USAT
2025-04-04 06:17:19.466060 - Found USERMAX.bin (application/octet-stream) in IBMUSER.LOAD, moved to LOADLIB/USERMAX
2025-04-04 06:17:19.466171 - Found USIT.bin (application/octet-stream) in IBMUSER.LOAD, moved to LOADLIB/USIT
2025-04-04 06:17:19.466281 - Found USOT.bin (application/octet-stream) in IBMUSER.LOAD, moved to LOADLIB/USOT
2025-04-04 06:17:19.466399 - Found USPT.bin (application/octet-stream) in IBMUSER.LOAD, moved to LOADLIB/USPT
2025-04-04 06:17:19.466510 - Found USTT.bin (application/octet-stream) in IBMUSER.LOAD, moved to LOADLIB/USTT
2025-04-04 06:17:19.466624 - Found USUR.bin (application/octet-stream) in IBMUSER.LOAD, moved to LOADLIB/USUR
2025-04-04 06:17:19.466747 - Found USUT.bin (application/octet-stream) in IBMUSER.LOAD, moved to LOADLIB/USUT
2025-04-04 06:17:19.466858 - Found USVT.bin (application/octet-stream) in IBMUSER.LOAD, moved to LOADLIB/USVT
2025-04-04 06:17:19.466967 - Found USWT.bin (application/octet-stream) in IBMUSER.LOAD, moved to LOADLIB/USWT
2025-04-04 06:17:19.467093 - Found USXT.bin (application/octet-stream) in IBMUSER.LOAD, moved to LOADLIB/USXT
2025-04-04 06:17:19.467201 - Found USYT.bin (application/octet-stream) in IBMUSER.LOAD, moved to LOADLIB/USYT
2025-04-04 06:17:19.467310 - Found USZT.bin (application/octet-stream) in IBMUSER.LOAD, moved to LOADLIB/USZT
2025-04-04 06:17:19.467417 - Found UTKGP.bin (application/octet-stream) in IBMUSER.LOAD, moved to LOADLIB/UTKGP
2025-04-04 06:17:19.467528 - Found UTKID.bin (application/octet-stream) in IBMUSER.LOAD, moved to LOADLIB/UTKID
2025-04-04 06:17:19.467636 - Found UTSB.bin (application/octet-stream) in IBMUSER.LOAD, moved to LOADLIB/UTSB
2025-04-04 06:17:19.467743 - Found WAITT.bin (application/octet-stream) in IBMUSER.LOAD, moved to LOADLIB/WAITT
2025-04-04 06:17:19.467854 - Found XOR.bin (application/octet-stream) in IBMUSER.LOAD, moved to LOADLIB/XOR
2025-04-04 06:17:19.467979 - Found ZAPLWA.bin (application/octet-stream) in IBMUSER.LOAD, moved to LOADLIB/ZAPLWA
2025-04-04 06:17:19.472203 - Found LSLT.txt (text/plain) in CBT.V508.FILE222.PDS, moved to PDS/LSLT
2025-04-04 06:17:19.472351 - Found LSLT$.jcl (text/plain) in CBT.V508.FILE222.PDS, moved to PDS/LSLT$
2025-04-04 06:17:19.472492 - Found LSLTHELP.txt (text/plain) in CBT.V508.FILE222.PDS, moved to PDS/LSLTHELP
2025-04-04 06:17:19.472623 - Found LWAPB.txt (text/plain) in CBT.V508.FILE222.PDS, moved to PDS/LWAPB
2025-04-04 06:17:19.472750 - Found LWAPB$.jcl (text/plain) in CBT.V508.FILE222.PDS, moved to PDS/LWAPB$
2025-04-04 06:17:19.472888 - Found NUL8.txt (text/plain) in CBT.V508.FILE222.PDS, moved to PDS/NUL8
2025-04-04 06:17:19.473017 - Found NUL8$.jcl (text/plain) in CBT.V508.FILE222.PDS, moved to PDS/NUL8$
2025-04-04 06:17:19.473182 - Found PSCBID.txt (text/plain) in CBT.V508.FILE222.PDS, moved to PDS/PSCBID
2025-04-04 06:17:19.473316 - Found PSCBID$.jcl (text/plain) in CBT.V508.FILE222.PDS, moved to PDS/PSCBID$
2025-04-04 06:17:19.473451 - Found PWIPE.txt (text/plain) in CBT.V508.FILE222.PDS, moved to PDS/PWIPE
2025-04-04 06:17:19.473583 - Found PWIPE$.jcl (text/plain) in CBT.V508.FILE222.PDS, moved to PDS/PWIPE$
2025-04-04 06:17:19.473714 - Found RACFSPEC.txt (text/plain) in CBT.V508.FILE222.PDS, moved to PDS/RACFSPEC
2025-04-04 06:17:19.473867 - Found RDHSVCA8.jcl (text/plain) in CBT.V508.FILE222.PDS, moved to PDS/RDHSVCA8
2025-04-04 06:17:19.474005 - Found RLOAD.txt (text/plain) in CBT.V508.FILE222.PDS, moved to PDS/RLOAD
2025-04-04 06:17:19.474136 - Found RLOAD$.jcl (text/plain) in CBT.V508.FILE222.PDS, moved to PDS/RLOAD$
2025-04-04 06:17:19.474267 - Found RLOAD#.txt (text/plain) in CBT.V508.FILE222.PDS, moved to PDS/RLOAD#
2025-04-04 06:17:19.474398 - Found RLOADA.txt (text/plain) in CBT.V508.FILE222.PDS, moved to PDS/RLOADA
2025-04-04 06:17:19.474509 - Found RLOADA$.jcl (text/plain) in CBT.V508.FILE222.PDS, moved to PDS/RLOADA$
2025-04-04 06:17:19.474633 - Found RLOADOLD.txt (text/plain) in CBT.V508.FILE222.PDS, moved to PDS/RLOADOLD
2025-04-04 06:17:19.474750 - Found RLOAD0.txt (text/plain) in CBT.V508.FILE222.PDS, moved to PDS/RLOAD0
2025-04-04 06:17:19.474864 - Found RLOAD1ST.txt (text/plain) in CBT.V508.FILE222.PDS, moved to PDS/RLOAD1ST
2025-04-04 06:17:19.474982 - Found SPECIAL.txt (text/plain) in CBT.V508.FILE222.PDS, moved to PDS/SPECIAL
2025-04-04 06:17:19.475092 - Found TOKGRUP.txt (text/plain) in CBT.V508.FILE222.PDS, moved to PDS/TOKGRUP
2025-04-04 06:17:19.475200 - Found TOKUSER.txt (text/plain) in CBT.V508.FILE222.PDS, moved to PDS/TOKUSER
2025-04-04 06:17:19.475344 - Found TSUB.txt (text/plain) in CBT.V508.FILE222.PDS, moved to PDS/TSUB
2025-04-04 06:17:19.475456 - Found TSUB$.jcl (text/plain) in CBT.V508.FILE222.PDS, moved to PDS/TSUB$
2025-04-04 06:17:19.475562 - Found TSUB#01.txt (text/plain) in CBT.V508.FILE222.PDS, moved to PDS/TSUB#01
2025-04-04 06:17:19.475679 - Found TSUB#02.txt (text/plain) in CBT.V508.FILE222.PDS, moved to PDS/TSUB#02
2025-04-04 06:17:19.475807 - Found TSUB#03.txt (text/plain) in CBT.V508.FILE222.PDS, moved to PDS/TSUB#03
2025-04-04 06:17:19.475916 - Found TSUB#04.txt (text/plain) in CBT.V508.FILE222.PDS, moved to PDS/TSUB#04
2025-04-04 06:17:19.476037 - Found TSUB#05.txt (text/plain) in CBT.V508.FILE222.PDS, moved to PDS/TSUB#05
2025-04-04 06:17:19.476170 - Found TSUB#06.txt (text/plain) in CBT.V508.FILE222.PDS, moved to PDS/TSUB#06
2025-04-04 06:17:19.476291 - Found TSUB#07.txt (text/plain) in CBT.V508.FILE222.PDS, moved to PDS/TSUB#07
2025-04-04 06:17:19.476401 - Found TSUB#08.txt (text/plain) in CBT.V508.FILE222.PDS, moved to PDS/TSUB#08
2025-04-04 06:17:19.476513 - Found TSUB#09.txt (text/plain) in CBT.V508.FILE222.PDS, moved to PDS/TSUB#09
2025-04-04 06:17:19.476622 - Found TSUB#10.txt (text/plain) in CBT.V508.FILE222.PDS, moved to PDS/TSUB#10
2025-04-04 06:17:19.476757 - Found TSUB#11.txt (text/plain) in CBT.V508.FILE222.PDS, moved to PDS/TSUB#11
2025-04-04 06:17:19.476871 - Found TSUBHELP.txt (text/plain) in CBT.V508.FILE222.PDS, moved to PDS/TSUBHELP
2025-04-04 06:17:19.477007 - Found TSUB36.txt (text/plain) in CBT.V508.FILE222.PDS, moved to PDS/TSUB36
2025-04-04 06:17:19.477120 - Found TSUINFO.txt (text/plain) in CBT.V508.FILE222.PDS, moved to PDS/TSUINFO
2025-04-04 06:17:19.477257 - Found TSUINFO$.jcl (text/plain) in CBT.V508.FILE222.PDS, moved to PDS/TSUINFO$
2025-04-04 06:17:19.477372 - Found TSVT8.txt (text/plain) in CBT.V508.FILE222.PDS, moved to PDS/TSVT8
2025-04-04 06:17:19.477478 - Found TSVT8$.jcl (text/plain) in CBT.V508.FILE222.PDS, moved to PDS/TSVT8$
2025-04-04 06:17:19.477586 - Found UACEE.txt (text/plain) in CBT.V508.FILE222.PDS, moved to PDS/UACEE
2025-04-04 06:17:19.477697 - Found UACEE$.jcl (text/plain) in CBT.V508.FILE222.PDS, moved to PDS/UACEE$
2025-04-04 06:17:19.477807 - Found UGRP.txt (text/plain) in CBT.V508.FILE222.PDS, moved to PDS/UGRP
2025-04-04 06:17:19.477938 - Found UGRP$.jcl (text/plain) in CBT.V508.FILE222.PDS, moved to PDS/UGRP$
2025-04-04 06:17:19.478113 - Found ULWA.txt (text/plain) in CBT.V508.FILE222.PDS, moved to PDS/ULWA
2025-04-04 06:17:19.478260 - Found ULWA$.jcl (text/plain) in CBT.V508.FILE222.PDS, moved to PDS/ULWA$
2025-04-04 06:17:19.478437 - Found UNAME.txt (text/plain) in CBT.V508.FILE222.PDS, moved to PDS/UNAME
2025-04-04 06:17:19.478604 - Found UNAME$.jcl (text/plain) in CBT.V508.FILE222.PDS, moved to PDS/UNAME$
2025-04-04 06:17:19.478761 - Found UPRC.txt (text/plain) in CBT.V508.FILE222.PDS, moved to PDS/UPRC
2025-04-04 06:17:19.478915 - Found UPRC$.jcl (text/plain) in CBT.V508.FILE222.PDS, moved to PDS/UPRC$
2025-04-04 06:17:19.479066 - Found USAT.txt (text/plain) in CBT.V508.FILE222.PDS, moved to PDS/USAT
2025-04-04 06:17:19.479220 - Found USAT0.txt (text/plain) in CBT.V508.FILE222.PDS, moved to PDS/USAT0
2025-04-04 06:17:19.479369 - Found USAT1.txt (text/plain) in CBT.V508.FILE222.PDS, moved to PDS/USAT1
2025-04-04 06:17:19.479518 - Found USIT.txt (text/plain) in CBT.V508.FILE222.PDS, moved to PDS/USIT
2025-04-04 06:17:19.479674 - Found USITO.txt (text/plain) in CBT.V508.FILE222.PDS, moved to PDS/USITO
2025-04-04 06:17:19.479837 - Found USOT.txt (text/plain) in CBT.V508.FILE222.PDS, moved to PDS/USOT
2025-04-04 06:17:19.479985 - Found USOT0.txt (text/plain) in CBT.V508.FILE222.PDS, moved to PDS/USOT0
2025-04-04 06:17:19.480138 - Found USPT.txt (text/plain) in CBT.V508.FILE222.PDS, moved to PDS/USPT
2025-04-04 06:17:19.480290 - Found USPT$.jcl (text/plain) in CBT.V508.FILE222.PDS, moved to PDS/USPT$
2025-04-04 06:17:19.480448 - Found USTT.txt (text/plain) in CBT.V508.FILE222.PDS, moved to PDS/USTT
2025-04-04 06:17:19.480595 - Found USTT$.jcl (text/plain) in CBT.V508.FILE222.PDS, moved to PDS/USTT$
2025-04-04 06:17:19.480736 - Found USTTA.txt (text/plain) in CBT.V508.FILE222.PDS, moved to PDS/USTTA
2025-04-04 06:17:19.480869 - Found USTTA$.jcl (text/plain) in CBT.V508.FILE222.PDS, moved to PDS/USTTA$
2025-04-04 06:17:19.481010 - Found USUR.txt (text/plain) in CBT.V508.FILE222.PDS, moved to PDS/USUR
2025-04-04 06:17:19.481155 - Found USUR$.jcl (text/plain) in CBT.V508.FILE222.PDS, moved to PDS/USUR$
2025-04-04 06:17:19.481358 - Found USUT.txt (text/plain) in CBT.V508.FILE222.PDS, moved to PDS/USUT
2025-04-04 06:17:19.481548 - Found USUTO.txt (text/plain) in CBT.V508.FILE222.PDS, moved to PDS/USUTO
2025-04-04 06:17:19.481694 - Found USVT.txt (text/plain) in CBT.V508.FILE222.PDS, moved to PDS/USVT
2025-04-04 06:17:19.481833 - Found USVT$.jcl (text/plain) in CBT.V508.FILE222.PDS, moved to PDS/USVT$
2025-04-04 06:17:19.481971 - Found USWT.txt (text/plain) in CBT.V508.FILE222.PDS, moved to PDS/USWT
2025-04-04 06:17:19.482105 - Found USWT$.jcl (text/plain) in CBT.V508.FILE222.PDS, moved to PDS/USWT$
2025-04-04 06:17:19.482255 - Found USXT.txt (text/plain) in CBT.V508.FILE222.PDS, moved to PDS/USXT
2025-04-04 06:17:19.482372 - Found USXT$.jcl (text/plain) in CBT.V508.FILE222.PDS, moved to PDS/USXT$
2025-04-04 06:17:19.482502 - Found USYT.txt (text/plain) in CBT.V508.FILE222.PDS, moved to PDS/USYT
2025-04-04 06:17:19.482617 - Found USYT$.jcl (text/plain) in CBT.V508.FILE222.PDS, moved to PDS/USYT$
2025-04-04 06:17:19.482763 - Found USZT.txt (text/plain) in CBT.V508.FILE222.PDS, moved to PDS/USZT
2025-04-04 06:17:19.482872 - Found USZT$.jcl (text/plain) in CBT.V508.FILE222.PDS, moved to PDS/USZT$
2025-04-04 06:17:19.482980 - Found UTKGP.txt (text/plain) in CBT.V508.FILE222.PDS, moved to PDS/UTKGP
2025-04-04 06:17:19.483098 - Found UTKGP$.jcl (text/plain) in CBT.V508.FILE222.PDS, moved to PDS/UTKGP$
2025-04-04 06:17:19.483215 - Found UTKID.txt (text/plain) in CBT.V508.FILE222.PDS, moved to PDS/UTKID
2025-04-04 06:17:19.483328 - Found UTKID$.jcl (text/plain) in CBT.V508.FILE222.PDS, moved to PDS/UTKID$
2025-04-04 06:17:19.483442 - Found UTSB.txt (text/plain) in CBT.V508.FILE222.PDS, moved to PDS/UTSB
2025-04-04 06:17:19.483553 - Found UTSB$.jcl (text/plain) in CBT.V508.FILE222.PDS, moved to PDS/UTSB$
